#
[
identifier
]
pub
struct
identifier
{
identifier
:
identifier
,
identifier
:
identifier
,
identifier
:
identifier
,
}
extend
identifier
with
identifier
{
pub
fn
identifier
(
self
:
&
const
identifier
)
->
identifier
{
const
identifier
=
string_literal
;
}
}
pub
fn
identifier
(
identifier
:
identifier
,
identifier
:
identifier
)
->
identifier
{
return
identifier
+
identifier
;
}
